
> smart-calc-frontend@2.0.0 build
> next build

  Ôû▓ Next.js 14.2.35
  - Environments: .env.local

   Creating an optimized production build ...
 Ô£ô Compiled successfully
   Skipping validation of types
   Skipping linting
   Collecting page data ...
   Generating static pages (0/94) ...
node.exe : API Error: B [Error]: Dynamic server usage: Route /api/content 
couldn't be rendered statically because it used `nextUrl.searchParams`. See 
more info here: https://nextjs.org/docs/messages/dynamic-server-error
At line:1 char:1
+ & "C:\Program Files\nodejs/node.exe" "C:\Program Files\nodejs/node_mo ...
+ ~~~~~~~~~~~~~~~~~~~~~~~~~~~~~~~~~~~~~~~~~~~~~~~~~~~~~~~~~~~~~~~~~~~~~
    + CategoryInfo          : NotSpecified: (API Error: B [E...ic-server-error 
   :String) [], RemoteException
    + FullyQualifiedErrorId : NativeCommandError
 
    at V (C:\Users\Ashwin\Downloads\new prj\node_modules\next\dist\compiled\nex
t-server\app-route.runtime.prod.js:6:21778)
    at Object.get (C:\Users\Ashwin\Downloads\new prj\node_modules\next\dist\com
piled\next-server\app-route.runtime.prod.js:6:29137)
    at u (C:\Users\Ashwin\Downloads\new 
prj\.next\server\app\api\content\route.js:1:569)
    at C:\Users\Ashwin\Downloads\new prj\node_modules\next\dist\compiled\next-s
erver\app-route.runtime.prod.js:6:38417
    at C:\Users\Ashwin\Downloads\new 
prj\node_modules\next\dist\server\lib\trace\tracer.js:140:36
    at NoopContextManager.with (C:\Users\Ashwin\Downloads\new 
prj\node_modules\next\dist\compiled\@opentelemetry\api\index.js:1:7062)
    at ContextAPI.with (C:\Users\Ashwin\Downloads\new 
prj\node_modules\next\dist\compiled\@opentelemetry\api\index.js:1:518)
    at NoopTracer.startActiveSpan (C:\Users\Ashwin\Downloads\new 
prj\node_modules\next\dist\compiled\@opentelemetry\api\index.js:1:18093)
    at ProxyTracer.startActiveSpan (C:\Users\Ashwin\Downloads\new 
prj\node_modules\next\dist\compiled\@opentelemetry\api\index.js:1:18854)
    at C:\Users\Ashwin\Downloads\new 
prj\node_modules\next\dist\server\lib\trace\tracer.js:122:103 {
  description: "Route /api/content couldn't be rendered statically because it 
used `nextUrl.searchParams`. See more info here: 
https://nextjs.org/docs/messages/dynamic-server-error",
  digest: 'DYNAMIC_SERVER_USAGE'
}
   Generating static pages (23/94) 
   Generating static pages (46/94) 
   Generating static pages (70/94) 
 Ô£ô Generating static pages (94/94)
   Finalizing page optimization ...
   Collecting build traces ...

Route (app)                                       Size     First Load JS
Ôöî Ôùï /                                             5.66 kB         101 kB
Ôö£ Ôùï /_not-found                                   872 B          87.5 kB
Ôö£ ãÆ /api/content                                  0 B                0 B
Ôö£ Ôùï /articles                                     7.12 kB         102 kB
Ôö£ Ôùï /articles/career-planning                     4.14 kB         103 kB
Ôö£ Ôùï /articles/decision-making                     4.2 kB          103 kB
Ôö£ Ôùï /articles/financial-planning                  4.15 kB         103 kB
Ôö£ Ôùï /articles/fitness-guide                       4.16 kB         103 kB
Ôö£ Ôùï /articles/health-monitoring                   4.14 kB         103 kB
Ôö£ Ôùï /articles/money-saving                        4.21 kB         103 kB
Ôö£ Ôùï /articles/nutrition-guide                     3.78 kB        99.1 kB
Ôö£ Ôùï /articles/power-of-math                       3.78 kB        99.1 kB
Ôö£ Ôùï /articles/smart-investing                     3.9 kB          103 kB
Ôö£ Ôùï /articles/wealth-building                     4.2 kB          103 kB
Ôö£ Ôùï /blog                                         9.75 kB         105 kB
Ôö£ ÔùÅ /calculators/[slug]                           137 B          86.8 kB
Ôö£   Ôö£ /calculators/loan-calculator
Ôö£   Ôö£ /calculators/mortgage-calculator
Ôö£   Ôö£ /calculators/bmi-calculator
Ôö£   Ôöö /calculators/percentage-calculator
Ôö£ Ôùï /finance-calculators                          3.79 kB         102 kB
Ôö£ Ôùï /finance/amortization                         7.66 kB         106 kB
Ôö£ Ôùï /finance/apr-to-apy                           826 B          87.5 kB
Ôö£ Ôùï /finance/breakeven                            7.02 kB         106 kB
Ôö£ Ôùï /finance/compound-interest                    7.72 kB         106 kB
Ôö£ Ôùï /finance/credit-card-payoff                   861 B          87.5 kB
Ôö£ Ôùï /finance/debt-payoff                          7.28 kB         106 kB
Ôö£ Ôùï /finance/dividend                             810 B          87.5 kB
Ôö£ Ôùï /finance/emergency-fund                       754 B          87.4 kB
Ôö£ Ôùï /finance/expense-tracker                      7.74 kB         106 kB
Ôö£ Ôùï /finance/inflation                            762 B          87.4 kB
Ôö£ Ôùï /finance/investment                           7.23 kB         106 kB
Ôö£ Ôùï /finance/investment-return                    825 B          87.5 kB
Ôö£ Ôùï /finance/lease-vs-buy                         973 B          87.6 kB
Ôö£ Ôùï /finance/loan                                 7.55 kB         106 kB
Ôö£ Ôùï /finance/mortgage                             7.74 kB         106 kB
Ôö£ Ôùï /finance/net-worth                            7.14 kB         106 kB
Ôö£ Ôùï /finance/profit                               6.92 kB         106 kB
Ôö£ Ôùï /finance/retirement                           7.14 kB         106 kB
Ôö£ Ôùï /finance/roi                                  7.09 kB         106 kB
Ôö£ Ôùï /finance/salary                               7.04 kB         106 kB
Ôö£ Ôùï /finance/savings-goal                         798 B          87.4 kB
Ôö£ Ôùï /finance/simple-interest                      7.32 kB         106 kB
Ôö£ Ôùï /finance/tax                                  7.31 kB         106 kB
Ôö£ Ôùï /finance/vat                                  7.08 kB         106 kB
Ôö£ Ôùï /health-calculators                           3.77 kB         102 kB
Ôö£ Ôùï /health/bmi                                   6.93 kB         106 kB
Ôö£ Ôùï /health/bmr-tdee                              7.7 kB          106 kB
Ôö£ Ôùï /health/body-fat                              7.24 kB         106 kB
Ôö£ Ôùï /health/calorie-burn                          905 B          87.6 kB
Ôö£ Ôùï /health/calories                              7.19 kB         106 kB
Ôö£ Ôùï /health/heart-rate                            900 B          87.5 kB
Ôö£ Ôùï /health/ideal-weight                          7.41 kB         106 kB
Ôö£ Ôùï /health/macro                                 7.27 kB         106 kB
Ôö£ Ôùï /health/protein                               866 B          87.5 kB
Ôö£ Ôùï /health/rep-max                               7.28 kB         106 kB
Ôö£ Ôùï /health/sleep                                 7.01 kB         106 kB
Ôö£ Ôùï /health/tdee                                  7.41 kB         106 kB
Ôö£ Ôùï /health/water-intake                          7.61 kB         106 kB
Ôö£ Ôùï /math-tools                                   3.79 kB         102 kB
Ôö£ Ôùï /math/combinations                            799 B          87.4 kB
Ôö£ Ôùï /math/factorial                               6.96 kB         106 kB
Ôö£ Ôùï /math/fibonacci                               7.34 kB         106 kB
Ôö£ Ôùï /math/gcd-lcm                                 7.16 kB         106 kB
Ôö£ Ôùï /math/geometry                                7.58 kB         106 kB
Ôö£ Ôùï /math/logarithm                               7.04 kB         106 kB
Ôö£ Ôùï /math/percentage                              6.96 kB         106 kB
Ôö£ Ôùï /math/prime-factorization                     7.31 kB         106 kB
Ôö£ Ôùï /math/primes                                  7.02 kB         106 kB
Ôö£ Ôùï /math/probability                             725 B          87.4 kB
Ôö£ Ôùï /math/quadratic                               7.05 kB         106 kB
Ôö£ Ôùï /math/roots                                   6.93 kB         106 kB
Ôö£ Ôùï /math/stddev                                  7.09 kB         106 kB
Ôö£ Ôùï /privacy                                      2.35 kB        97.7 kB
Ôö£ Ôùï /seo-blog/bmi-calculator-guide                8.63 kB         104 kB
Ôö£ Ôùï /seo-blog/compound-interest-calculator-guide  2 kB           97.4 kB
Ôö£ Ôùï /seo-blog/compound-interest-guide             7.79 kB         103 kB
Ôö£ Ôùï /seo-blog/discount-calculator-guide           8.66 kB         104 kB
Ôö£ Ôùï /seo-blog/loan-calculator-guide               9.26 kB         105 kB
Ôö£ Ôùï /seo-blog/water-intake-guide                  2 kB           97.4 kB
Ôö£ Ôùï /terms                                        2.89 kB        98.2 kB
Ôö£ Ôùï /tools-hub                                    3.7 kB          102 kB
Ôö£ Ôùï /tools/color-converter                        915 B          87.6 kB
Ôö£ Ôùï /tools/convert                                7.17 kB         106 kB
Ôö£ Ôùï /tools/currency                               6.93 kB         106 kB
Ôö£ Ôùï /tools/discount                               7.04 kB         106 kB
Ôö£ Ôùï /tools/fuel                                   7.01 kB         106 kB
Ôö£ Ôùï /tools/gas-calculator                         7.39 kB         106 kB
Ôö£ Ôùï /tools/json-formatter                         825 B          87.5 kB
Ôö£ Ôùï /tools/password-strength                      997 B          87.6 kB
Ôö£ Ôùï /tools/temperature                            681 B          87.3 kB
Ôö£ Ôùï /tools/time-zone                              7.68 kB         106 kB
Ôöö Ôùï /tools/tip                                    6.99 kB         106 kB
+ First Load JS shared by all                     86.6 kB
  Ôö£ chunks/3362-b71bc66e0f28a2f1.js               84.6 kB
  Ôöö other shared chunks (total)                   2.01 kB


Ôùï  (Static)   prerendered as static content
ÔùÅ  (SSG)      prerendered as static HTML (uses getStaticProps)
ãÆ  (Dynamic)  server-rendered on demand

